// Jest Snapshot v1, https://goo.gl/fbAQLP

exports[`Test for  App component App Component renders correctly 1`] = `
Object {
  "asFragment": [Function],
  "baseElement": <body>
    <div>
      <header
        style="display: flex; align-items: center; justify-content: space-between; height: 7.938rem; margin: 0px 0px 2.375rem; padding: 1.438rem 6.188rem 1.688rem 4.85rem; background-color: rgb(255, 255, 255); border: 1px solid #e8e8e8;"
      >
        <div
          style="display: flex; gap: 20px; align-items: center;"
        >
          <img
            alt="logo"
            src="planet.png"
            style="width: 100px; height: 100px;"
          />
          <h1
            style="width: 20rem; height: 2.313rem; margin: 0.375rem 2.538rem 0.125rem 0px; font-family: Montserrat; font-size: 1.875rem; font-weight: bold; font-stretch: normal; font-style: normal; letter-spacing: normal;"
          >
            Space Travelers Hub
          </h1>
        </div>
        <nav
          id="navbar-container"
        >
          <ul
            style="display: flex; list-style-type: none;"
          >
            <li
              class="nav-link"
            >
              <a
                aria-current="page"
                class="active"
                href="/"
                id="navLink"
                style="text-decoration: none; width: 3.688rem; height: 1rem; margin: 1.125rem 2.563rem 0.688rem 0px; font-size: 1rem; letter-spacing: 1.9px; color: rgb(2, 144, 255);"
              >
                Rockets
              </a>
            </li>
            <li
              class="nav-link"
            >
              <a
                class=""
                href="/mission"
                style="text-decoration: none; width: 3.688rem; height: 1rem; margin: 1.125rem 2.563rem 0.688rem 0px; font-size: 1rem; letter-spacing: 1.9px; color: rgb(2, 144, 255);"
              >
                Missions
              </a>
            </li>
            <span
              style="border-right: 2px solid black; margin-right: 2.563rem;"
            />
            <li
              class="nav-link"
            >
              <a
                class=""
                href="/profile"
                style="text-decoration: none; width: 3.688rem; height: 1rem; margin: 1.125rem 2.563rem 0.688rem 0px; font-size: 1rem; letter-spacing: 1.9px; color: rgb(2, 144, 255);"
              >
                My Profile
              </a>
            </li>
          </ul>
        </nav>
      </header>
      <main />
    </div>
  </body>,
  "container": <div>
    <header
      style="display: flex; align-items: center; justify-content: space-between; height: 7.938rem; margin: 0px 0px 2.375rem; padding: 1.438rem 6.188rem 1.688rem 4.85rem; background-color: rgb(255, 255, 255); border: 1px solid #e8e8e8;"
    >
      <div
        style="display: flex; gap: 20px; align-items: center;"
      >
        <img
          alt="logo"
          src="planet.png"
          style="width: 100px; height: 100px;"
        />
        <h1
          style="width: 20rem; height: 2.313rem; margin: 0.375rem 2.538rem 0.125rem 0px; font-family: Montserrat; font-size: 1.875rem; font-weight: bold; font-stretch: normal; font-style: normal; letter-spacing: normal;"
        >
          Space Travelers Hub
        </h1>
      </div>
      <nav
        id="navbar-container"
      >
        <ul
          style="display: flex; list-style-type: none;"
        >
          <li
            class="nav-link"
          >
            <a
              aria-current="page"
              class="active"
              href="/"
              id="navLink"
              style="text-decoration: none; width: 3.688rem; height: 1rem; margin: 1.125rem 2.563rem 0.688rem 0px; font-size: 1rem; letter-spacing: 1.9px; color: rgb(2, 144, 255);"
            >
              Rockets
            </a>
          </li>
          <li
            class="nav-link"
          >
            <a
              class=""
              href="/mission"
              style="text-decoration: none; width: 3.688rem; height: 1rem; margin: 1.125rem 2.563rem 0.688rem 0px; font-size: 1rem; letter-spacing: 1.9px; color: rgb(2, 144, 255);"
            >
              Missions
            </a>
          </li>
          <span
            style="border-right: 2px solid black; margin-right: 2.563rem;"
          />
          <li
            class="nav-link"
          >
            <a
              class=""
              href="/profile"
              style="text-decoration: none; width: 3.688rem; height: 1rem; margin: 1.125rem 2.563rem 0.688rem 0px; font-size: 1rem; letter-spacing: 1.9px; color: rgb(2, 144, 255);"
            >
              My Profile
            </a>
          </li>
        </ul>
      </nav>
    </header>
    <main />
  </div>,
  "debug": [Function],
  "findAllByAltText": [Function],
  "findAllByDisplayValue": [Function],
  "findAllByLabelText": [Function],
  "findAllByPlaceholderText": [Function],
  "findAllByRole": [Function],
  "findAllByTestId": [Function],
  "findAllByText": [Function],
  "findAllByTitle": [Function],
  "findByAltText": [Function],
  "findByDisplayValue": [Function],
  "findByLabelText": [Function],
  "findByPlaceholderText": [Function],
  "findByRole": [Function],
  "findByTestId": [Function],
  "findByText": [Function],
  "findByTitle": [Function],
  "getAllByAltText": [Function],
  "getAllByDisplayValue": [Function],
  "getAllByLabelText": [Function],
  "getAllByPlaceholderText": [Function],
  "getAllByRole": [Function],
  "getAllByTestId": [Function],
  "getAllByText": [Function],
  "getAllByTitle": [Function],
  "getByAltText": [Function],
  "getByDisplayValue": [Function],
  "getByLabelText": [Function],
  "getByPlaceholderText": [Function],
  "getByRole": [Function],
  "getByTestId": [Function],
  "getByText": [Function],
  "getByTitle": [Function],
  "queryAllByAltText": [Function],
  "queryAllByDisplayValue": [Function],
  "queryAllByLabelText": [Function],
  "queryAllByPlaceholderText": [Function],
  "queryAllByRole": [Function],
  "queryAllByTestId": [Function],
  "queryAllByText": [Function],
  "queryAllByTitle": [Function],
  "queryByAltText": [Function],
  "queryByDisplayValue": [Function],
  "queryByLabelText": [Function],
  "queryByPlaceholderText": [Function],
  "queryByRole": [Function],
  "queryByTestId": [Function],
  "queryByText": [Function],
  "queryByTitle": [Function],
  "rerender": [Function],
  "unmount": [Function],
}
`;
